🍹 Building a mixed python/rust project
🐍 Found CPython 3.11 at /workspace/daft-issue-1881/.venv/bin/python
🔗 Found pyo3 bindings with abi3 support
📡 Using build options features from pyproject.toml
   Compiling daft-schema v0.3.0-dev0 (/workspace/daft-issue-1881/src/daft-schema)
   Compiling pyo3-async-runtimes v0.29.0
   Compiling common-ndarray v0.3.0-dev0 (/workspace/daft-issue-1881/src/common/ndarray)
   Compiling daft-hash v0.3.0-dev0 (/workspace/daft-issue-1881/src/daft-hash)
   Compiling daft-sketch v0.3.0-dev0 (/workspace/daft-issue-1881/src/daft-sketch)
   Compiling common-runtime v0.3.0-dev0 (/workspace/daft-issue-1881/src/common/runtime)
   Compiling daft-minhash v0.3.0-dev0 (/workspace/daft-issue-1881/src/daft-minhash)
   Compiling common-metrics v0.3.0-dev0 (/workspace/daft-issue-1881/src/common/metrics)
   Compiling common-tracing v0.3.0-dev0 (/workspace/daft-issue-1881/src/common/tracing)
   Compiling common-resource-request v0.3.0-dev0 (/workspace/daft-issue-1881/src/common/resource-request)
   Compiling common-treenode v0.3.0-dev0 (/workspace/daft-issue-1881/src/common/treenode)
   Compiling common-file-formats v0.3.0-dev0 (/workspace/daft-issue-1881/src/common/file-formats)
   Compiling common-image v0.3.0-dev0 (/workspace/daft-issue-1881/src/common/image)
   Compiling daft-io v0.3.0-dev0 (/workspace/daft-issue-1881/src/daft-io)
   Compiling daft-core v0.3.0-dev0 (/workspace/daft-issue-1881/src/daft-core)
   Compiling daft-decoding v0.3.0-dev0 (/workspace/daft-issue-1881/src/daft-decoding)
   Compiling common-daft-config v0.3.0-dev0 (/workspace/daft-issue-1881/src/common/daft-config)
   Compiling common-partitioning v0.3.0-dev0 (/workspace/daft-issue-1881/src/common/partitioning)
   Compiling common-checkpoint-config v0.3.0-dev0 (/workspace/daft-issue-1881/src/common/checkpoint-config)
warning: daft-dashboard@0.3.0-dev0: Running in debug mode and DAFT_DASHBOARD_SKIP_BUILD is set, skipping dashboard build.
   Compiling daft-ext v0.1.1 (/workspace/daft-issue-1881/src/daft-ext)
   Compiling daft-partition-refs v0.3.0-dev0 (/workspace/daft-issue-1881/src/daft-partition-refs)
   Compiling daft-ai v0.3.0-dev0 (/workspace/daft-issue-1881/src/daft-ai)
   Compiling common-system-info v0.3.0-dev0 (/workspace/daft-issue-1881/src/common/system-info)
   Compiling pyo3-log v0.13.4
   Compiling daft-dsl v0.3.0-dev0 (/workspace/daft-issue-1881/src/daft-dsl)
   Compiling daft-groupby v0.3.0-dev0 (/workspace/daft-issue-1881/src/daft-groupby)
   Compiling daft-file v0.3.0-dev0 (/workspace/daft-issue-1881/src/daft-file)
   Compiling daft-functions-list v0.3.0-dev0 (/workspace/daft-issue-1881/src/daft-functions-list)
   Compiling daft-algebra v0.3.0-dev0 (/workspace/daft-issue-1881/src/daft-algebra)
   Compiling daft-functions v0.3.0-dev0 (/workspace/daft-issue-1881/src/daft-functions)
   Compiling daft-functions-uri v0.3.0-dev0 (/workspace/daft-issue-1881/src/daft-functions-uri)
   Compiling daft-image v0.3.0-dev0 (/workspace/daft-issue-1881/src/daft-image)
   Compiling daft-ext-internal v0.3.0-dev0 (/workspace/daft-issue-1881/src/daft-ext-internal)
   Compiling daft-functions-utf8 v0.3.0-dev0 (/workspace/daft-issue-1881/src/daft-functions-utf8)
   Compiling daft-functions-temporal v0.3.0-dev0 (/workspace/daft-issue-1881/src/daft-functions-temporal)
   Compiling daft-recordbatch v0.3.0-dev0 (/workspace/daft-issue-1881/src/daft-recordbatch)
   Compiling daft-functions-json v0.0.0 (/workspace/daft-issue-1881/src/daft-functions-json)
   Compiling daft-geo v0.3.0-dev0 (/workspace/daft-issue-1881/src/daft-geo)
   Compiling daft-functions-tokenize v0.3.0-dev0 (/workspace/daft-issue-1881/src/daft-functions-tokenize)
   Compiling daft-functions-binary v0.3.0-dev0 (/workspace/daft-issue-1881/src/daft-functions-binary)
   Compiling daft-stats v0.3.0-dev0 (/workspace/daft-issue-1881/src/daft-stats)
   Compiling daft-json v0.3.0-dev0 (/workspace/daft-issue-1881/src/daft-json)
   Compiling daft-parquet v0.3.0-dev0 (/workspace/daft-issue-1881/src/daft-parquet)
   Compiling daft-avro v0.3.0-dev0 (/workspace/daft-issue-1881/src/daft-avro)
   Compiling daft-csv v0.3.0-dev0 (/workspace/daft-issue-1881/src/daft-csv)
   Compiling daft-warc v0.3.0-dev0 (/workspace/daft-issue-1881/src/daft-warc)
   Compiling daft-dashboard v0.3.0-dev0 (/workspace/daft-issue-1881/src/daft-dashboard)
   Compiling daft-mcap v0.3.0-dev0 (/workspace/daft-issue-1881/src/daft-mcap)
   Compiling daft-scan v0.3.0-dev0 (/workspace/daft-issue-1881/src/daft-scan)
   Compiling daft-text v0.3.0-dev0 (/workspace/daft-issue-1881/src/daft-text)
   Compiling daft-cli v0.3.0-dev0 (/workspace/daft-issue-1881/src/daft-cli)
   Compiling daft-functions-serde v0.0.0 (/workspace/daft-issue-1881/src/daft-functions-serde)
   Compiling daft-checkpoint v0.3.0-dev0 (/workspace/daft-issue-1881/src/daft-checkpoint)
   Compiling daft-micropartition v0.3.0-dev0 (/workspace/daft-issue-1881/src/daft-micropartition)
   Compiling daft-logical-plan v0.3.0-dev0 (/workspace/daft-issue-1881/src/daft-logical-plan)
   Compiling daft-runners v0.3.0-dev0 (/workspace/daft-issue-1881/src/daft-runners)
   Compiling daft-local-plan v0.3.0-dev0 (/workspace/daft-issue-1881/src/daft-local-plan)
   Compiling daft-writers v0.3.0-dev0 (/workspace/daft-issue-1881/src/daft-writers)
   Compiling daft-context v0.3.0-dev0 (/workspace/daft-issue-1881/src/daft-context)
   Compiling daft-catalog v0.3.0-dev0 (/workspace/daft-issue-1881/src/daft-catalog)
   Compiling daft-distributed v0.3.0-dev0 (/workspace/daft-issue-1881/src/daft-distributed)
   Compiling daft-shuffles v0.3.0-dev0 (/workspace/daft-issue-1881/src/daft-shuffles)
   Compiling daft-session v0.3.0-dev0 (/workspace/daft-issue-1881/src/daft-session)
   Compiling daft-sql v0.3.0-dev0 (/workspace/daft-issue-1881/src/daft-sql)
   Compiling daft-local-execution v0.3.0-dev0 (/workspace/daft-issue-1881/src/daft-local-execution)
   Compiling daft v0.3.0-dev0 (/workspace/daft-issue-1881)
    Finished `dev` profile [unoptimized] target(s) in 1m 06s
warning: the following packages contain code that will be rejected by a future version of Rust: proc-macro-error2 v2.0.1
note: to see what the problems were, use the option `--future-incompat-report`, or run `cargo report future-incompatibilities --id 1`
📦 Built wheel for abi3 Python ≥ 3.10 to /tmp/.tmpBV4L53/daft-0.3.0.dev0-cp310-abi3-linux_x86_64.whl
