🍹 Building a mixed python/rust project
🐍 Found CPython 3.11 at /workspace/daft-issue-1881/.venv/bin/python
🔗 Found pyo3 bindings with abi3 support
📡 Using build options features from pyproject.toml
   Compiling daft-io v0.3.0-dev0 (/workspace/daft-issue-1881/src/daft-io)
warning: daft-dashboard@0.3.0-dev0: Running in debug mode and DAFT_DASHBOARD_SKIP_BUILD is set, skipping dashboard build.
   Compiling daft-file v0.3.0-dev0 (/workspace/daft-issue-1881/src/daft-file)
   Compiling daft-functions-uri v0.3.0-dev0 (/workspace/daft-issue-1881/src/daft-functions-uri)
   Compiling daft-functions-tokenize v0.3.0-dev0 (/workspace/daft-issue-1881/src/daft-functions-tokenize)
   Compiling daft-image v0.3.0-dev0 (/workspace/daft-issue-1881/src/daft-image)
   Compiling daft-recordbatch v0.3.0-dev0 (/workspace/daft-issue-1881/src/daft-recordbatch)
   Compiling daft-stats v0.3.0-dev0 (/workspace/daft-issue-1881/src/daft-stats)
   Compiling daft-json v0.3.0-dev0 (/workspace/daft-issue-1881/src/daft-json)
   Compiling daft-avro v0.3.0-dev0 (/workspace/daft-issue-1881/src/daft-avro)
   Compiling daft-parquet v0.3.0-dev0 (/workspace/daft-issue-1881/src/daft-parquet)
   Compiling daft-csv v0.3.0-dev0 (/workspace/daft-issue-1881/src/daft-csv)
   Compiling daft-warc v0.3.0-dev0 (/workspace/daft-issue-1881/src/daft-warc)
   Compiling daft-dashboard v0.3.0-dev0 (/workspace/daft-issue-1881/src/daft-dashboard)
   Compiling daft-scan v0.3.0-dev0 (/workspace/daft-issue-1881/src/daft-scan)
   Compiling daft-mcap v0.3.0-dev0 (/workspace/daft-issue-1881/src/daft-mcap)
   Compiling daft-text v0.3.0-dev0 (/workspace/daft-issue-1881/src/daft-text)
   Compiling daft-cli v0.3.0-dev0 (/workspace/daft-issue-1881/src/daft-cli)
   Compiling daft-checkpoint v0.3.0-dev0 (/workspace/daft-issue-1881/src/daft-checkpoint)
   Compiling daft-micropartition v0.3.0-dev0 (/workspace/daft-issue-1881/src/daft-micropartition)
   Compiling daft-logical-plan v0.3.0-dev0 (/workspace/daft-issue-1881/src/daft-logical-plan)
   Compiling daft-runners v0.3.0-dev0 (/workspace/daft-issue-1881/src/daft-runners)
   Compiling daft-writers v0.3.0-dev0 (/workspace/daft-issue-1881/src/daft-writers)
   Compiling daft-local-plan v0.3.0-dev0 (/workspace/daft-issue-1881/src/daft-local-plan)
   Compiling daft-context v0.3.0-dev0 (/workspace/daft-issue-1881/src/daft-context)
   Compiling daft-catalog v0.3.0-dev0 (/workspace/daft-issue-1881/src/daft-catalog)
   Compiling daft-distributed v0.3.0-dev0 (/workspace/daft-issue-1881/src/daft-distributed)
   Compiling daft-session v0.3.0-dev0 (/workspace/daft-issue-1881/src/daft-session)
   Compiling daft-shuffles v0.3.0-dev0 (/workspace/daft-issue-1881/src/daft-shuffles)
   Compiling daft-sql v0.3.0-dev0 (/workspace/daft-issue-1881/src/daft-sql)
   Compiling daft-local-execution v0.3.0-dev0 (/workspace/daft-issue-1881/src/daft-local-execution)
   Compiling daft v0.3.0-dev0 (/workspace/daft-issue-1881)
    Finished `dev` profile [unoptimized] target(s) in 59.07s
warning: the following packages contain code that will be rejected by a future version of Rust: proc-macro-error2 v2.0.1
note: to see what the problems were, use the option `--future-incompat-report`, or run `cargo report future-incompatibilities --id 1`
📦 Built wheel for abi3 Python ≥ 3.10 to /tmp/.tmpDj1nym/daft-0.3.0.dev0-cp310-abi3-linux_x86_64.whl
