http-single-suffixon-schemainfer-1 PASS
http-single-suffixon-schemainfer-2 PASS
http-single-suffixon-schemainfer-3 PASS
http-single-suffixoff-schemainfer-1 PASS
http-single-suffixoff-schemainfer-2 PASS
http-single-suffixoff-schemainfer-3 PASS
http-multi-suffixon-schemainfer-1 PASS
http-multi-suffixon-schemainfer-2 PASS
http-multi-suffixon-schemainfer-3 PASS
http-multi-suffixoff-schemainfer-1 PASS
http-multi-suffixoff-schemainfer-2 PASS
http-multi-suffixoff-schemainfer-3 PASS
s3-single-suffixon-schemainfer-1 PASS
s3-single-suffixon-schemainfer-2 PASS
s3-single-suffixon-schemainfer-3 PASS
s3-single-suffixoff-schemainfer-1 PASS
s3-single-suffixoff-schemainfer-2 PASS
s3-single-suffixoff-schemainfer-3 PASS
s3-glob-suffixon-schemainfer-1 PASS
s3-glob-suffixon-schemainfer-2 PASS
s3-glob-suffixon-schemainfer-3 PASS
s3-glob-suffixoff-schemainfer-1 PASS
s3-glob-suffixoff-schemainfer-2 PASS
s3-glob-suffixoff-schemainfer-3 PASS
s3-multi-suffixon-schemagiven-1 PASS
s3-multi-suffixon-schemagiven-2 PASS
s3-multi-suffixon-schemagiven-3 PASS
s3-multi-suffixoff-schemagiven-1 PASS
s3-multi-suffixoff-schemagiven-2 PASS
s3-multi-suffixoff-schemagiven-3 PASS
http-direct-suffixon-schemainfer-1 PASS
http-direct-suffixon-schemainfer-2 PASS
http-direct-suffixon-schemainfer-3 PASS
http-direct-suffixoff-schemainfer-1 PASS
http-direct-suffixoff-schemainfer-2 PASS
http-direct-suffixoff-schemainfer-3 PASS
http-largefooter-suffixon-schemainfer-1 PASS
http-largefooter-suffixon-schemainfer-2 PASS
http-largefooter-suffixon-schemainfer-3 PASS
http-largefooter-suffixoff-schemainfer-1 PASS
http-largefooter-suffixoff-schemainfer-2 PASS
http-largefooter-suffixoff-schemainfer-3 PASS
saved /workspace/daft-issue-1881/analysis/issue-1881/raw/baseline-final/counts.csv
